
============================================================
BASELINE: Perfect Information (RegretMatchingAgent)
============================================================
round 0: avg_theta=0.639, theory=0.900
round 5000: avg_theta=0.888, theory=0.900
round 10000: avg_theta=0.892, theory=0.900
round 15000: avg_theta=0.888, theory=0.900
round 20000: avg_theta=0.893, theory=0.900
round 25000: avg_theta=0.895, theory=0.900
round 30000: avg_theta=0.892, theory=0.900
round 35000: avg_theta=0.892, theory=0.900
round 40000: avg_theta=0.893, theory=0.900
round 45000: avg_theta=0.895, theory=0.900

=== Baseline Results (Perfect Information) ===
Theory predicts theta = 0.900
Learned avg theta = 0.895
Final efficiency = 0.975
Avg revenue (last 1000) = 0.814

============================================================
Testing All Information Types (First-Price Auctions)
Testing both UCB and Epsilon-Greedy agents
============================================================

============================================================
AGENT TYPE: UCB
============================================================

============================================================
Testing: MINIMAL (ucb)
============================================================
round 0: avg_theta=0.418, theory=0.900, auction=first_price, info=minimal
round 5000: avg_theta=0.502, theory=0.900, auction=first_price, info=minimal
round 10000: avg_theta=0.367, theory=0.900, auction=first_price, info=minimal
round 15000: avg_theta=0.578, theory=0.900, auction=first_price, info=minimal
round 20000: avg_theta=0.496, theory=0.900, auction=first_price, info=minimal
round 25000: avg_theta=0.553, theory=0.900, auction=first_price, info=minimal
round 30000: avg_theta=0.459, theory=0.900, auction=first_price, info=minimal
round 35000: avg_theta=0.522, theory=0.900, auction=first_price, info=minimal
round 40000: avg_theta=0.309, theory=0.900, auction=first_price, info=minimal
round 45000: avg_theta=0.290, theory=0.900, auction=first_price, info=minimal

=== Final Results (first_price, minimal) ===
Theory predicts theta = 0.900
Learned avg theta = 0.687
Final efficiency = 0.216
Avg revenue (last 1000) = 0.464

Collusion indicators:
  Bid variance: 0.0225
  Theta variance: 0.0001
  Collusion score: 0.9778
  Win rates: ['0.082', '0.109', '0.076', '0.071', '0.080', '0.149', '0.105', '0.126', '0.080', '0.116']

============================================================
Testing: WINNER (ucb)
============================================================
round 0: avg_theta=0.547, theory=0.900, auction=first_price, info=winner
round 5000: avg_theta=0.483, theory=0.900, auction=first_price, info=winner
round 10000: avg_theta=0.654, theory=0.900, auction=first_price, info=winner
round 15000: avg_theta=0.598, theory=0.900, auction=first_price, info=winner
round 20000: avg_theta=0.455, theory=0.900, auction=first_price, info=winner
round 25000: avg_theta=0.423, theory=0.900, auction=first_price, info=winner
round 30000: avg_theta=0.500, theory=0.900, auction=first_price, info=winner
round 35000: avg_theta=0.369, theory=0.900, auction=first_price, info=winner
round 40000: avg_theta=0.530, theory=0.900, auction=first_price, info=winner
round 45000: avg_theta=0.444, theory=0.900, auction=first_price, info=winner

=== Final Results (first_price, winner) ===
Theory predicts theta = 0.900
Learned avg theta = 0.527
Final efficiency = 0.253
Avg revenue (last 1000) = 0.461

Collusion indicators:
  Bid variance: 0.0223
  Theta variance: 0.0005
  Collusion score: 0.9777
  Win rates: ['0.134', '0.087', '0.130', '0.084', '0.165', '0.099', '0.058', '0.073', '0.073', '0.084']

============================================================
Testing: LOSER (ucb)
============================================================
round 0: avg_theta=0.570, theory=0.900, auction=first_price, info=loser
round 5000: avg_theta=0.544, theory=0.900, auction=first_price, info=loser
round 10000: avg_theta=0.502, theory=0.900, auction=first_price, info=loser
round 15000: avg_theta=0.670, theory=0.900, auction=first_price, info=loser
round 20000: avg_theta=0.363, theory=0.900, auction=first_price, info=loser
round 25000: avg_theta=0.543, theory=0.900, auction=first_price, info=loser
round 30000: avg_theta=0.542, theory=0.900, auction=first_price, info=loser
round 35000: avg_theta=0.756, theory=0.900, auction=first_price, info=loser
round 40000: avg_theta=0.318, theory=0.900, auction=first_price, info=loser
round 45000: avg_theta=0.503, theory=0.900, auction=first_price, info=loser

=== Final Results (first_price, loser) ===
Theory predicts theta = 0.900
Learned avg theta = 0.726
Final efficiency = 0.269
Avg revenue (last 1000) = 0.484

Collusion indicators:
  Bid variance: 0.0244
  Theta variance: 0.0002
  Collusion score: 0.9761
  Win rates: ['0.053', '0.121', '0.063', '0.142', '0.120', '0.134', '0.118', '0.123', '0.065', '0.054']

============================================================
Testing: FULL_TRANSPARENCY (ucb)
============================================================
round 0: avg_theta=0.494, theory=0.900, auction=first_price, info=full_transparency
round 5000: avg_theta=0.460, theory=0.900, auction=first_price, info=full_transparency
round 10000: avg_theta=0.435, theory=0.900, auction=first_price, info=full_transparency
round 15000: avg_theta=0.584, theory=0.900, auction=first_price, info=full_transparency
round 20000: avg_theta=0.613, theory=0.900, auction=first_price, info=full_transparency
round 25000: avg_theta=0.520, theory=0.900, auction=first_price, info=full_transparency
round 30000: avg_theta=0.446, theory=0.900, auction=first_price, info=full_transparency
round 35000: avg_theta=0.532, theory=0.900, auction=first_price, info=full_transparency
round 40000: avg_theta=0.487, theory=0.900, auction=first_price, info=full_transparency
round 45000: avg_theta=0.244, theory=0.900, auction=first_price, info=full_transparency

=== Final Results (first_price, full_transparency) ===
Theory predicts theta = 0.900
Learned avg theta = 0.463
Final efficiency = 0.214
Avg revenue (last 1000) = 0.478

Collusion indicators:
  Bid variance: 0.0234
  Theta variance: 0.0004
  Collusion score: 0.9768
  Win rates: ['0.071', '0.109', '0.090', '0.134', '0.119', '0.103', '0.115', '0.055', '0.076', '0.123']

============================================================
AGENT TYPE: EPSILON_GREEDY
============================================================

============================================================
Testing: MINIMAL (epsilon_greedy)
============================================================
round 0: avg_theta=0.534, theory=0.900, auction=first_price, info=minimal
round 5000: avg_theta=0.299, theory=0.900, auction=first_price, info=minimal
round 10000: avg_theta=0.346, theory=0.900, auction=first_price, info=minimal
round 15000: avg_theta=0.157, theory=0.900, auction=first_price, info=minimal
round 20000: avg_theta=0.222, theory=0.900, auction=first_price, info=minimal
round 25000: avg_theta=0.120, theory=0.900, auction=first_price, info=minimal
round 30000: avg_theta=0.136, theory=0.900, auction=first_price, info=minimal
round 35000: avg_theta=0.178, theory=0.900, auction=first_price, info=minimal
round 40000: avg_theta=0.285, theory=0.900, auction=first_price, info=minimal
round 45000: avg_theta=0.292, theory=0.900, auction=first_price, info=minimal

=== Final Results (first_price, minimal) ===
Theory predicts theta = 0.900
Learned avg theta = 0.271
Final efficiency = 0.783
Avg revenue (last 1000) = 0.818

Collusion indicators:
  Bid variance: 0.0882
  Theta variance: 0.0007
  Collusion score: 0.9184
  Win rates: ['0.096', '0.114', '0.094', '0.130', '0.082', '0.072', '0.108', '0.120', '0.091', '0.093']

============================================================
Testing: WINNER (epsilon_greedy)
============================================================
round 0: avg_theta=0.653, theory=0.900, auction=first_price, info=winner
round 5000: avg_theta=0.184, theory=0.900, auction=first_price, info=winner
round 10000: avg_theta=0.409, theory=0.900, auction=first_price, info=winner
round 15000: avg_theta=0.191, theory=0.900, auction=first_price, info=winner
round 20000: avg_theta=0.216, theory=0.900, auction=first_price, info=winner
round 25000: avg_theta=0.373, theory=0.900, auction=first_price, info=winner
round 30000: avg_theta=0.267, theory=0.900, auction=first_price, info=winner
round 35000: avg_theta=0.117, theory=0.900, auction=first_price, info=winner
round 40000: avg_theta=0.250, theory=0.900, auction=first_price, info=winner
round 45000: avg_theta=0.308, theory=0.900, auction=first_price, info=winner

=== Final Results (first_price, winner) ===
Theory predicts theta = 0.900
Learned avg theta = 0.168
Final efficiency = 0.746
Avg revenue (last 1000) = 0.825

Collusion indicators:
  Bid variance: 0.0839
  Theta variance: 0.0006
  Collusion score: 0.9221
  Win rates: ['0.118', '0.088', '0.055', '0.090', '0.081', '0.143', '0.110', '0.083', '0.110', '0.122']

============================================================
Testing: LOSER (epsilon_greedy)
============================================================
round 0: avg_theta=0.585, theory=0.900, auction=first_price, info=loser
round 5000: avg_theta=0.380, theory=0.900, auction=first_price, info=loser
round 10000: avg_theta=0.252, theory=0.900, auction=first_price, info=loser
round 15000: avg_theta=0.119, theory=0.900, auction=first_price, info=loser
round 20000: avg_theta=0.314, theory=0.900, auction=first_price, info=loser
round 25000: avg_theta=0.351, theory=0.900, auction=first_price, info=loser
round 30000: avg_theta=0.235, theory=0.900, auction=first_price, info=loser
round 35000: avg_theta=0.269, theory=0.900, auction=first_price, info=loser
round 40000: avg_theta=0.345, theory=0.900, auction=first_price, info=loser
round 45000: avg_theta=0.311, theory=0.900, auction=first_price, info=loser

=== Final Results (first_price, loser) ===
Theory predicts theta = 0.900
Learned avg theta = 0.244
Final efficiency = 0.783
Avg revenue (last 1000) = 0.819

Collusion indicators:
  Bid variance: 0.0871
  Theta variance: 0.0007
  Collusion score: 0.9193
  Win rates: ['0.103', '0.104', '0.109', '0.098', '0.095', '0.116', '0.077', '0.118', '0.098', '0.082']

============================================================
Testing: FULL_TRANSPARENCY (epsilon_greedy)
============================================================
round 0: avg_theta=0.512, theory=0.900, auction=first_price, info=full_transparency
round 5000: avg_theta=0.323, theory=0.900, auction=first_price, info=full_transparency
round 10000: avg_theta=0.407, theory=0.900, auction=first_price, info=full_transparency
round 15000: avg_theta=0.461, theory=0.900, auction=first_price, info=full_transparency
round 20000: avg_theta=0.228, theory=0.900, auction=first_price, info=full_transparency
round 25000: avg_theta=0.297, theory=0.900, auction=first_price, info=full_transparency
round 30000: avg_theta=0.073, theory=0.900, auction=first_price, info=full_transparency
round 35000: avg_theta=0.273, theory=0.900, auction=first_price, info=full_transparency
round 40000: avg_theta=0.205, theory=0.900, auction=first_price, info=full_transparency
round 45000: avg_theta=0.348, theory=0.900, auction=first_price, info=full_transparency

=== Final Results (first_price, full_transparency) ===
Theory predicts theta = 0.900
Learned avg theta = 0.370
Final efficiency = 0.720
Avg revenue (last 1000) = 0.832

Collusion indicators:
  Bid variance: 0.0862
  Theta variance: 0.0008
  Collusion score: 0.9199
  Win rates: ['0.118', '0.111', '0.093', '0.106', '0.097', '0.061', '0.107', '0.129', '0.130', '0.048']

==========================================================================================
COMPARISON: Perfect Info Baseline vs Imperfect Information Types
==========================================================================================
Agent Type           Info Type                 Avg Theta       Efficiency      Revenue        
------------------------------------------------------------------------------------------
BASELINE             PERFECT INFO              0.895           0.975           0.814          
  └─ RegretMatchingAgent (sees all bids)

UCB AGENTS:
  minimal                 0.687           0.216           0.464          
    └─ Only win/loss
  winner                  0.527           0.253           0.461          
    └─ Winner sees losing bids
  loser                   0.726           0.269           0.484          
    └─ Loser sees winning bid
  full_transparency       0.463           0.214           0.478          
    └─ Everyone sees all bids

EPSILON_GREEDY AGENTS:
  minimal                 0.271           0.783           0.818          
    └─ Only win/loss
  winner                  0.168           0.746           0.825          
    └─ Winner sees losing bids
  loser                   0.244           0.783           0.819          
    └─ Loser sees winning bid
  full_transparency       0.370           0.720           0.832          
    └─ Everyone sees all bids

==========================================================================================
GAP FROM PERFECT INFO BASELINE (theta = 0.900)
==========================================================================================
Agent Type           Info Type                 Theta Gap       % of Baseline  
------------------------------------------------------------------------------------------

UCB AGENTS:
  minimal                 0.207           76.8           %
  winner                  0.367           58.9           %
  loser                   0.169           81.2           %
  full_transparency       0.432           51.7           %

EPSILON_GREEDY AGENTS:
  minimal                 0.623           30.3           %
  winner                  0.726           18.8           %
  loser                   0.651           27.2           %
  full_transparency       0.525           41.3           %

==========================================================================================
UCB vs EPSILON-GREEDY COMPARISON
==========================================================================================
Info Type                 UCB Theta       Eps-Greedy Theta   Difference     
------------------------------------------------------------------------------------------
minimal                   0.687           0.271              0.416          
winner                    0.527           0.168              0.359          
loser                     0.726           0.244              0.482          
full_transparency         0.463           0.370              0.093          

==========================================================================================
PLOT FILES GENERATED:
==========================================================================================
  - auction_first_price_perfect_info_baseline.png
  - auction_first_price_minimal_ucb.png
  - auction_first_price_winner_ucb.png
  - auction_first_price_loser_ucb.png
  - auction_first_price_full_transparency_ucb.png
  - auction_first_price_minimal_epsilon_greedy.png
  - auction_first_price_winner_epsilon_greedy.png
  - auction_first_price_loser_epsilon_greedy.png
  - auction_first_price_full_transparency_epsilon_greedy.png

==========================================================================================
KEY FINDINGS & CONCLUSIONS
==========================================================================================

1. PERFECT INFO BASELINE:
   - Converges to theta ≈ 0.895 (target: 0.900)
   - High efficiency: 97.5%
   - RegretMatchingAgent with full bid information achieves near-optimal convergence

2. IMPERFECT INFORMATION IMPACT:
   - Average imperfect info theta: 0.432
   - Gap from perfect info: 0.463
   - All imperfect info types converge to ~50-60% of perfect info performance

3. INFORMATION TYPE RANKING (by theta convergence):
   1. loser: 0.485
   2. minimal: 0.479
   3. full_transparency: 0.416
   4. winner: 0.348

4. UCB vs EPSILON-GREEDY:
   - UCB average theta: 0.601
   - Epsilon-Greedy average theta: 0.263
   - Difference: 0.338 (UCB performs better)

5. COLLUSION INDICATORS:
   - All imperfect info settings show low theta variance (potential coordination)
   - Win rates are uneven in some cases (further investigation needed)
   - Bid variance is consistently low across all settings
